================================================================================
NPM PACKAGE COMPROMISE DETECTION REPORT
================================================================================
Scan completed: 2025-09-08 20:36:53
Files scanned: 2
Total findings: 9

SEVERITY SUMMARY:
--------------------
CRITICAL: 6
HIGH: 2
MEDIUM: 1

DETAILED FINDINGS:
--------------------
1. [CRITICAL] Compromised package detected: debug@4.4.2
   File: test_demo/package.json
   package: debug
   version: 4.4.2
   dependency_type: dependencies
   compromised_version: 4.4.2

2. [CRITICAL] Compromised package detected: chalk@5.6.1
   File: test_demo/package.json
   package: chalk
   version: 5.6.1
   dependency_type: dependencies
   compromised_version: 5.6.1

3. [CRITICAL] Compromised package detected: ansi-styles@6.2.2
   File: test_demo/package.json
   package: ansi-styles
   version: 6.2.2
   dependency_type: dependencies
   compromised_version: 6.2.2

4. [CRITICAL] Compromised package detected: supports-color@10.2.1
   File: test_demo/package.json
   package: supports-color
   version: 10.2.1
   dependency_type: dependencies
   compromised_version: 10.2.1

5. [CRITICAL] Compromised package detected: strip-ansi@7.1.1
   File: test_demo/package.json
   package: strip-ansi
   version: 7.1.1
   dependency_type: devDependencies
   compromised_version: 7.1.1

6. [CRITICAL] Compromised package detected: wrap-ansi@9.0.1
   File: test_demo/package.json
   package: wrap-ansi
   version: 9.0.1
   dependency_type: devDependencies
   compromised_version: 9.0.1

7. [HIGH] Malicious URL detected: npmjs.help
   File: test_demo/suspicious_file.js
   url: npmjs.help
   context: const config = {
    // This would trigger URL detection
    supportEmail: 'support@npmjs.help',
    helpDomain: 'npmjs.help',
    

8. [HIGH] Malicious URL detected: support@npmjs.help
   File: test_demo/suspicious_file.js
   url: support@npmjs.help
   context: const config = {
    // This would trigger URL detection
    supportEmail: 'support@npmjs.help',
    helpDomain: 'npmjs.help',
    

9. [MEDIUM] Crypto-related keywords detected: cryptocurrency, wallet, private key, bitcoin, ethereum, crypto, metamask, web3
   File: test_demo/suspicious_file.js
   keywords: ['cryptocurrency', 'wallet', 'private key', 'bitcoin', 'ethereum', 'crypto', 'metamask', 'web3']

RECOMMENDATIONS:
--------------------
🚨 IMMEDIATE ACTION REQUIRED:
1. Remove or update all compromised packages immediately
2. Clear npm cache: npm cache clean --force
3. Update package-lock.json/yarn.lock files
4. Review application logs for suspicious activity
5. If running in browser, check for crypto wallet compromise

SAFE VERSION OVERRIDES (add to package.json):
  "overrides": {
    "chalk": "5.3.0",
    "strip-ansi": "7.1.0",
    "color-convert": "2.0.1",
    "color-name": "1.1.4",
    "debug": "4.3.7",
    "ansi-styles": "6.2.1",
    "supports-color": "9.4.0",
  }

REFERENCE:
- GitHub Issue: https://github.com/debug-js/debug/issues/1005
- Attack Vector: Phishing email to package maintainer
- Impact: Crypto wallet stealing in browser environments
